// Jest Snapshot v1, https://goo.gl/fbAQLP

exports[`sortCitations snapshot baseline records current ordering for abnt 1`] = `
[
  "adams-two-authors-2024",
  "anderson-three-authors-2022",
  "angstrom-beta-2024",
  "title-only-assistant-handbook",
  "title-only-bare-alpha",
  "binder-zeta-2025",
  "brown-two-authors-2021",
  "de-beauvoir-beta-2024",
  "garcia-alpha-2020",
  "jones-alpha-2018",
  "jones-aardvark-2020",
  "jones-alpha-2020",
  "jones-beta-2020",
  "jones-zebra-2020",
  "lee-alpha-2024",
  "lee-mixedcase-2024",
  "editor-marks-book-design-2019",
  "miller-theory-2020",
  "miller-a-theory-2021",
  "ng-zeta-2019",
  "oconnor-missing-date",
  "corporate-lowercase-archive-2018",
  "editor-owens-companion-2022",
  "smith-zeta-2024",
  "unesco-cultural-2020",
  "van-der-berg-alpha-2023",
  "who-alpha-report-2021",
  "title-only-zebra-handbook",
  "zimmer-omega-2017",
  "no-author-no-title",
]
`;

exports[`sortCitations snapshot baseline records current ordering for apa-7 1`] = `
[
  "adams-two-authors-2024",
  "anderson-three-authors-2022",
  "angstrom-beta-2024",
  "title-only-assistant-handbook",
  "title-only-bare-alpha",
  "binder-zeta-2025",
  "brown-two-authors-2021",
  "de-beauvoir-beta-2024",
  "garcia-alpha-2020",
  "jones-alpha-2018",
  "jones-aardvark-2020",
  "jones-alpha-2020",
  "jones-beta-2020",
  "jones-zebra-2020",
  "lee-alpha-2024",
  "lee-mixedcase-2024",
  "editor-marks-book-design-2019",
  "miller-theory-2020",
  "miller-a-theory-2021",
  "ng-zeta-2019",
  "oconnor-missing-date",
  "corporate-lowercase-archive-2018",
  "editor-owens-companion-2022",
  "smith-zeta-2024",
  "unesco-cultural-2020",
  "van-der-berg-alpha-2023",
  "who-alpha-report-2021",
  "title-only-zebra-handbook",
  "zimmer-omega-2017",
  "no-author-no-title",
]
`;

exports[`sortCitations snapshot baseline records current ordering for chicago-author-date 1`] = `
[
  "adams-two-authors-2024",
  "anderson-three-authors-2022",
  "angstrom-beta-2024",
  "title-only-assistant-handbook",
  "title-only-bare-alpha",
  "binder-zeta-2025",
  "brown-two-authors-2021",
  "de-beauvoir-beta-2024",
  "garcia-alpha-2020",
  "jones-alpha-2018",
  "jones-aardvark-2020",
  "jones-alpha-2020",
  "jones-beta-2020",
  "jones-zebra-2020",
  "lee-alpha-2024",
  "lee-mixedcase-2024",
  "editor-marks-book-design-2019",
  "miller-theory-2020",
  "miller-a-theory-2021",
  "ng-zeta-2019",
  "oconnor-missing-date",
  "corporate-lowercase-archive-2018",
  "editor-owens-companion-2022",
  "smith-zeta-2024",
  "unesco-cultural-2020",
  "van-der-berg-alpha-2023",
  "who-alpha-report-2021",
  "title-only-zebra-handbook",
  "zimmer-omega-2017",
  "no-author-no-title",
]
`;

exports[`sortCitations snapshot baseline records current ordering for chicago-notes-bibliography 1`] = `
[
  "adams-two-authors-2024",
  "anderson-three-authors-2022",
  "angstrom-beta-2024",
  "title-only-assistant-handbook",
  "title-only-bare-alpha",
  "binder-zeta-2025",
  "brown-two-authors-2021",
  "de-beauvoir-beta-2024",
  "garcia-alpha-2020",
  "jones-aardvark-2020",
  "jones-alpha-2018",
  "jones-alpha-2020",
  "jones-beta-2020",
  "jones-zebra-2020",
  "lee-alpha-2024",
  "lee-mixedcase-2024",
  "editor-marks-book-design-2019",
  "miller-theory-2020",
  "miller-a-theory-2021",
  "ng-zeta-2019",
  "oconnor-missing-date",
  "corporate-lowercase-archive-2018",
  "editor-owens-companion-2022",
  "smith-zeta-2024",
  "unesco-cultural-2020",
  "van-der-berg-alpha-2023",
  "who-alpha-report-2021",
  "title-only-zebra-handbook",
  "zimmer-omega-2017",
  "no-author-no-title",
]
`;

exports[`sortCitations snapshot baseline records current ordering for harvard 1`] = `
[
  "adams-two-authors-2024",
  "anderson-three-authors-2022",
  "angstrom-beta-2024",
  "title-only-assistant-handbook",
  "title-only-bare-alpha",
  "binder-zeta-2025",
  "brown-two-authors-2021",
  "de-beauvoir-beta-2024",
  "garcia-alpha-2020",
  "jones-alpha-2018",
  "jones-aardvark-2020",
  "jones-alpha-2020",
  "jones-beta-2020",
  "jones-zebra-2020",
  "lee-alpha-2024",
  "lee-mixedcase-2024",
  "editor-marks-book-design-2019",
  "miller-theory-2020",
  "miller-a-theory-2021",
  "ng-zeta-2019",
  "oconnor-missing-date",
  "corporate-lowercase-archive-2018",
  "editor-owens-companion-2022",
  "smith-zeta-2024",
  "unesco-cultural-2020",
  "van-der-berg-alpha-2023",
  "who-alpha-report-2021",
  "title-only-zebra-handbook",
  "zimmer-omega-2017",
  "no-author-no-title",
]
`;

exports[`sortCitations snapshot baseline records current ordering for ieee 1`] = `
[
  "adams-two-authors-2024",
  "anderson-three-authors-2022",
  "angstrom-beta-2024",
  "title-only-assistant-handbook",
  "title-only-bare-alpha",
  "binder-zeta-2025",
  "brown-two-authors-2021",
  "de-beauvoir-beta-2024",
  "garcia-alpha-2020",
  "jones-alpha-2018",
  "jones-aardvark-2020",
  "jones-alpha-2020",
  "jones-beta-2020",
  "jones-zebra-2020",
  "lee-alpha-2024",
  "lee-mixedcase-2024",
  "editor-marks-book-design-2019",
  "miller-theory-2020",
  "miller-a-theory-2021",
  "ng-zeta-2019",
  "oconnor-missing-date",
  "corporate-lowercase-archive-2018",
  "editor-owens-companion-2022",
  "smith-zeta-2024",
  "unesco-cultural-2020",
  "van-der-berg-alpha-2023",
  "who-alpha-report-2021",
  "title-only-zebra-handbook",
  "zimmer-omega-2017",
  "no-author-no-title",
]
`;

exports[`sortCitations snapshot baseline records current ordering for mla-9 1`] = `
[
  "adams-two-authors-2024",
  "anderson-three-authors-2022",
  "angstrom-beta-2024",
  "title-only-assistant-handbook",
  "title-only-bare-alpha",
  "binder-zeta-2025",
  "brown-two-authors-2021",
  "de-beauvoir-beta-2024",
  "garcia-alpha-2020",
  "jones-alpha-2018",
  "jones-aardvark-2020",
  "jones-alpha-2020",
  "jones-beta-2020",
  "jones-zebra-2020",
  "lee-alpha-2024",
  "lee-mixedcase-2024",
  "editor-marks-book-design-2019",
  "miller-theory-2020",
  "miller-a-theory-2021",
  "ng-zeta-2019",
  "oconnor-missing-date",
  "corporate-lowercase-archive-2018",
  "editor-owens-companion-2022",
  "smith-zeta-2024",
  "unesco-cultural-2020",
  "van-der-berg-alpha-2023",
  "who-alpha-report-2021",
  "title-only-zebra-handbook",
  "zimmer-omega-2017",
  "no-author-no-title",
]
`;

exports[`sortCitations snapshot baseline records current ordering for oscola 1`] = `
[
  "adams-two-authors-2024",
  "anderson-three-authors-2022",
  "angstrom-beta-2024",
  "title-only-assistant-handbook",
  "title-only-bare-alpha",
  "binder-zeta-2025",
  "brown-two-authors-2021",
  "de-beauvoir-beta-2024",
  "garcia-alpha-2020",
  "jones-aardvark-2020",
  "jones-alpha-2018",
  "jones-alpha-2020",
  "jones-beta-2020",
  "jones-zebra-2020",
  "lee-alpha-2024",
  "lee-mixedcase-2024",
  "editor-marks-book-design-2019",
  "miller-theory-2020",
  "miller-a-theory-2021",
  "ng-zeta-2019",
  "oconnor-missing-date",
  "corporate-lowercase-archive-2018",
  "editor-owens-companion-2022",
  "smith-zeta-2024",
  "unesco-cultural-2020",
  "van-der-berg-alpha-2023",
  "who-alpha-report-2021",
  "title-only-zebra-handbook",
  "zimmer-omega-2017",
  "no-author-no-title",
]
`;

exports[`sortCitations snapshot baseline records current ordering for vancouver 1`] = `
[
  "adams-two-authors-2024",
  "anderson-three-authors-2022",
  "angstrom-beta-2024",
  "title-only-assistant-handbook",
  "title-only-bare-alpha",
  "binder-zeta-2025",
  "brown-two-authors-2021",
  "de-beauvoir-beta-2024",
  "garcia-alpha-2020",
  "jones-alpha-2018",
  "jones-aardvark-2020",
  "jones-alpha-2020",
  "jones-beta-2020",
  "jones-zebra-2020",
  "lee-alpha-2024",
  "lee-mixedcase-2024",
  "editor-marks-book-design-2019",
  "miller-theory-2020",
  "miller-a-theory-2021",
  "ng-zeta-2019",
  "oconnor-missing-date",
  "corporate-lowercase-archive-2018",
  "editor-owens-companion-2022",
  "smith-zeta-2024",
  "unesco-cultural-2020",
  "van-der-berg-alpha-2023",
  "who-alpha-report-2021",
  "title-only-zebra-handbook",
  "zimmer-omega-2017",
  "no-author-no-title",
]
`;
